
> stammtisch-web-app@0.1.0 build
> next build

node.exe : [baseline-browser-mapping] The data in this module 
is over two months old.  To ensure accurate Baseline data, 
please update: `npm i baseline-browser-mapping@latest -D`
In Zeile:1 Zeichen:1
+ & "C:\Program Files\nodejs/node.exe" "C:\Program 
Files\nodejs/node_mo ...
+ ~~~~~~~~~~~~~~~~~~~~~~~~~~~~~~~~~~~~~~~~~~~~~~~~~~~~~~~~~~~~~
~~~~~~~~
    + CategoryInfo          : NotSpecified: ([baseline-brows.. 
   .ping@latest -D`:String) [], RemoteException
    + FullyQualifiedErrorId : NativeCommandError
 
   Ôû▓ Next.js 16.0.10 (Turbopack)
   - Environments: .env.local

   Creating an optimized production build ...
[baseline-browser-mapping] The data in this module is over two 
months old.  To ensure accurate Baseline data, please update: 
`npm i baseline-browser-mapping@latest -D`

> Build error occurred
Error: Turbopack build failed with 1 errors:
./src/components/events/MonthSummary.tsx:252:2
Parsing ecmascript source code failed
[0m [90m 250 |[39m     )[33m;[39m
 [90m 251 |[39m }
[31m[1m>[22m[39m[90m 252 |[39m  
[37m[41m[1m [22m[49m[39m
 [90m     |[39m  [31m[1m^[22m[39m
 [90m 253 |[39m [37m[41m[1m [22m[49m[39m
 [90m 254 |[39m [37m[41m[1m [22m[49m[39m[0m

Unexpected character '\0'

Import traces:
  Client Component Browser:
    ./src/components/events/MonthSummary.tsx [Client Component 
Browser]
    ./src/app/events/page.tsx [Client Component Browser]
    ./src/app/events/page.tsx [Server Component]

  Client Component SSR:
    ./src/components/events/MonthSummary.tsx [Client Component 
SSR]
    ./src/app/events/page.tsx [Client Component SSR]
    ./src/app/events/page.tsx [Server Component]


    at <unknown> 
(./src/components/events/MonthSummary.tsx:252:2)
